Archive member included to satisfy reference by file (symbol)

f:/embedded/arm/imt/04-arm tools/03- imt sdk/imt_sdk_win_64/winarm/armgcc/bin/../lib/gcc/arm-none-eabi/7.2.1/../../../../arm-none-eabi/lib/thumb/v7e-m\libm.a(lib_a-w_pow.o)
                              ./src/HAL/Communication.o (pow)
f:/embedded/arm/imt/04-arm tools/03- imt sdk/imt_sdk_win_64/winarm/armgcc/bin/../lib/gcc/arm-none-eabi/7.2.1/../../../../arm-none-eabi/lib/thumb/v7e-m\libm.a(lib_a-e_pow.o)
                              f:/embedded/arm/imt/04-arm tools/03- imt sdk/imt_sdk_win_64/winarm/armgcc/bin/../lib/gcc/arm-none-eabi/7.2.1/../../../../arm-none-eabi/lib/thumb/v7e-m\libm.a(lib_a-w_pow.o) (__ieee754_pow)
f:/embedded/arm/imt/04-arm tools/03- imt sdk/imt_sdk_win_64/winarm/armgcc/bin/../lib/gcc/arm-none-eabi/7.2.1/../../../../arm-none-eabi/lib/thumb/v7e-m\libm.a(lib_a-e_sqrt.o)
                              f:/embedded/arm/imt/04-arm tools/03- imt sdk/imt_sdk_win_64/winarm/armgcc/bin/../lib/gcc/arm-none-eabi/7.2.1/../../../../arm-none-eabi/lib/thumb/v7e-m\libm.a(lib_a-e_pow.o) (__ieee754_sqrt)
f:/embedded/arm/imt/04-arm tools/03- imt sdk/imt_sdk_win_64/winarm/armgcc/bin/../lib/gcc/arm-none-eabi/7.2.1/../../../../arm-none-eabi/lib/thumb/v7e-m\libm.a(lib_a-s_fabs.o)
                              f:/embedded/arm/imt/04-arm tools/03- imt sdk/imt_sdk_win_64/winarm/armgcc/bin/../lib/gcc/arm-none-eabi/7.2.1/../../../../arm-none-eabi/lib/thumb/v7e-m\libm.a(lib_a-e_pow.o) (fabs)
f:/embedded/arm/imt/04-arm tools/03- imt sdk/imt_sdk_win_64/winarm/armgcc/bin/../lib/gcc/arm-none-eabi/7.2.1/../../../../arm-none-eabi/lib/thumb/v7e-m\libm.a(lib_a-s_finite.o)
                              f:/embedded/arm/imt/04-arm tools/03- imt sdk/imt_sdk_win_64/winarm/armgcc/bin/../lib/gcc/arm-none-eabi/7.2.1/../../../../arm-none-eabi/lib/thumb/v7e-m\libm.a(lib_a-w_pow.o) (finite)
f:/embedded/arm/imt/04-arm tools/03- imt sdk/imt_sdk_win_64/winarm/armgcc/bin/../lib/gcc/arm-none-eabi/7.2.1/../../../../arm-none-eabi/lib/thumb/v7e-m\libm.a(lib_a-s_lib_ver.o)
                              f:/embedded/arm/imt/04-arm tools/03- imt sdk/imt_sdk_win_64/winarm/armgcc/bin/../lib/gcc/arm-none-eabi/7.2.1/../../../../arm-none-eabi/lib/thumb/v7e-m\libm.a(lib_a-w_pow.o) (__fdlib_version)
f:/embedded/arm/imt/04-arm tools/03- imt sdk/imt_sdk_win_64/winarm/armgcc/bin/../lib/gcc/arm-none-eabi/7.2.1/../../../../arm-none-eabi/lib/thumb/v7e-m\libm.a(lib_a-s_matherr.o)
                              f:/embedded/arm/imt/04-arm tools/03- imt sdk/imt_sdk_win_64/winarm/armgcc/bin/../lib/gcc/arm-none-eabi/7.2.1/../../../../arm-none-eabi/lib/thumb/v7e-m\libm.a(lib_a-w_pow.o) (matherr)
f:/embedded/arm/imt/04-arm tools/03- imt sdk/imt_sdk_win_64/winarm/armgcc/bin/../lib/gcc/arm-none-eabi/7.2.1/../../../../arm-none-eabi/lib/thumb/v7e-m\libm.a(lib_a-s_nan.o)
                              f:/embedded/arm/imt/04-arm tools/03- imt sdk/imt_sdk_win_64/winarm/armgcc/bin/../lib/gcc/arm-none-eabi/7.2.1/../../../../arm-none-eabi/lib/thumb/v7e-m\libm.a(lib_a-e_pow.o) (nan)
f:/embedded/arm/imt/04-arm tools/03- imt sdk/imt_sdk_win_64/winarm/armgcc/bin/../lib/gcc/arm-none-eabi/7.2.1/../../../../arm-none-eabi/lib/thumb/v7e-m\libm.a(lib_a-s_rint.o)
                              f:/embedded/arm/imt/04-arm tools/03- imt sdk/imt_sdk_win_64/winarm/armgcc/bin/../lib/gcc/arm-none-eabi/7.2.1/../../../../arm-none-eabi/lib/thumb/v7e-m\libm.a(lib_a-w_pow.o) (rint)
f:/embedded/arm/imt/04-arm tools/03- imt sdk/imt_sdk_win_64/winarm/armgcc/bin/../lib/gcc/arm-none-eabi/7.2.1/../../../../arm-none-eabi/lib/thumb/v7e-m\libm.a(lib_a-s_scalbn.o)
                              f:/embedded/arm/imt/04-arm tools/03- imt sdk/imt_sdk_win_64/winarm/armgcc/bin/../lib/gcc/arm-none-eabi/7.2.1/../../../../arm-none-eabi/lib/thumb/v7e-m\libm.a(lib_a-e_pow.o) (scalbn)
f:/embedded/arm/imt/04-arm tools/03- imt sdk/imt_sdk_win_64/winarm/armgcc/bin/../lib/gcc/arm-none-eabi/7.2.1/../../../../arm-none-eabi/lib/thumb/v7e-m\libm.a(lib_a-s_copysign.o)
                              f:/embedded/arm/imt/04-arm tools/03- imt sdk/imt_sdk_win_64/winarm/armgcc/bin/../lib/gcc/arm-none-eabi/7.2.1/../../../../arm-none-eabi/lib/thumb/v7e-m\libm.a(lib_a-s_scalbn.o) (copysign)
f:/embedded/arm/imt/04-arm tools/03- imt sdk/imt_sdk_win_64/winarm/armgcc/bin/../lib/gcc/arm-none-eabi/7.2.1/thumb/v7e-m\libgcc.a(_arm_addsubdf3.o)
                              f:/embedded/arm/imt/04-arm tools/03- imt sdk/imt_sdk_win_64/winarm/armgcc/bin/../lib/gcc/arm-none-eabi/7.2.1/../../../../arm-none-eabi/lib/thumb/v7e-m\libm.a(lib_a-e_pow.o) (__aeabi_dsub)
f:/embedded/arm/imt/04-arm tools/03- imt sdk/imt_sdk_win_64/winarm/armgcc/bin/../lib/gcc/arm-none-eabi/7.2.1/thumb/v7e-m\libgcc.a(_arm_muldivdf3.o)
                              ./src/MCAL/SYSTICK_program.o (__aeabi_dmul)
f:/embedded/arm/imt/04-arm tools/03- imt sdk/imt_sdk_win_64/winarm/armgcc/bin/../lib/gcc/arm-none-eabi/7.2.1/thumb/v7e-m\libgcc.a(_arm_cmpdf2.o)
[...]
Memory Configuration

Name             Origin             Length             Attributes
RAM              0x20000000         0x00010000         xrw
CCMRAM           0x10000000         0x00000000         xrw
FLASH            0x08000000         0x00040000         xr
FLASHB1          0x00000000         0x00000000         xr
EXTMEMB0         0x00000000         0x00000000         xr
EXTMEMB1         0x00000000         0x00000000         xr
EXTMEMB2         0x00000000         0x00000000         xr
EXTMEMB3         0x00000000         0x00000000         xr
*default*        0x00000000         0xffffffff

Linker script and memory map

LOAD ./system/src/stm32f4-hal/stm32f4xx_hal.o
LOAD ./system/src/stm32f4-hal/stm32f4xx_hal_cortex.o
LOAD ./system/src/stm32f4-hal/stm32f4xx_hal_dfsdm.o
LOAD ./system/src/stm32f4-hal/stm32f4xx_hal_flash.o
LOAD ./system/src/stm32f4-hal/stm32f4xx_hal_gpio.o
LOAD ./system/src/stm32f4-hal/stm32f4xx_hal_iwdg.o
LOAD ./system/src/stm32f4-hal/stm32f4xx_hal_pwr.o
LOAD ./system/src/stm32f4-hal/stm32f4xx_hal_rcc.o
LOAD ./system/src/newlib/_cxx.o
LOAD ./system/src/newlib/_exit.o
LOAD ./system/src/newlib/_sbrk.o
LOAD ./system/src/newlib/_startup.o
LOAD ./system/src/newlib/_syscalls.o
LOAD ./system/src/newlib/assert.o
LOAD ./system/src/diag/Trace.o
LOAD ./system/src/diag/trace_impl.o
LOAD ./system/src/cortexm/_initialize_hardware.o
LOAD ./system/src/cortexm/_reset_hardware.o
LOAD ./system/src/cortexm/exception_handlers.o
LOAD ./system/src/cmsis/system_stm32f4xx.o
LOAD ./system/src/cmsis/vectors_stm32f401xc.o
LOAD ./src/SERVICES/DET.o
LOAD ./src/SERVICES/Delay.o
LOAD ./src/MCAL/ADC_program.o
LOAD ./src/MCAL/GPIO_config.o
LOAD ./src/MCAL/GPIO_program.o
LOAD ./src/MCAL/I2C_config.o
LOAD ./src/MCAL/I2C_program.o
LOAD ./src/MCAL/NVIC_program.o
LOAD ./src/MCAL/RCC_program.o
LOAD ./src/MCAL/SPI_program.o
LOAD ./src/MCAL/SYSTICK_program.o
LOAD ./src/MCAL/TIMER_config.o
LOAD ./src/MCAL/TIMER_program.o
LOAD ./src/MCAL/UART_program.o
LOAD ./src/HAL/Communication.o
LOAD ./src/HAL/Display.o
LOAD ./src/HAL/Sensing.o
LOAD ./src/main.o
LOAD ./src/stm32f4xx_hal_msp.o
LOAD f:/embedded/arm/imt/04-arm tools/03- imt sdk/imt_sdk_win_64/winarm/armgcc/bin/../lib/gcc/arm-none-eabi/7.2.1/../../../../arm-none-eabi/lib/thumb/v7e-m\libstdc++_nano.a
LOAD f:/embedded/arm/imt/04-arm tools/03- imt sdk/imt_sdk_win_64/winarm/armgcc/bin/../lib/gcc/arm-none-eabi/7.2.1/../../../../arm-none-eabi/lib/thumb/v7e-m\libm.a
START GROUP
LOAD f:/embedded/arm/imt/04-arm tools/03- imt sdk/imt_sdk_win_64/winarm/armgcc/bin/../lib/gcc/arm-none-eabi/7.2.1/thumb/v7e-m\libgcc.a
LOAD f:/embedded/arm/imt/04-arm tools/03- imt sdk/imt_sdk_win_64/winarm/armgcc/bin/../lib/gcc/arm-none-eabi/7.2.1/../../../../arm-none-eabi/lib/thumb/v7e-m\libg_nano.a
LOAD f:/embedded/arm/imt/04-arm tools/03- imt sdk/imt_sdk_win_64/winarm/armgcc/bin/../lib/gcc/arm-none-eabi/7.2.1/../../../../arm-none-eabi/lib/thumb/v7e-m\libc_nano.a
END GROUP
START GROUP
LOAD f:/embedded/arm/imt/04-arm tools/03- imt sdk/imt_sdk_win_64/winarm/armgcc/bin/../lib/gcc/arm-none-eabi/7.2.1/thumb/v7e-m\libgcc.a
LOAD f:/embedded/arm/imt/04-arm tools/03- imt sdk/imt_sdk_win_64/winarm/armgcc/bin/../lib/gcc/arm-none-eabi/7.2.1/../../../../arm-none-eabi/lib/thumb/v7e-m\libc_nano.a
END GROUP
                0x20010000                __stack = (ORIGIN (RAM) + LENGTH (RAM))
                0x20010000                _estack = __stack
                0x00000400                __Main_Stack_Size = 0x400
                [!provide]                PROVIDE (_Main_Stack_Size, __Main_Stack_Size)
                0x2000fc00                __Main_Stack_Limit = (__stack - __Main_Stack_Size)
                [!provide]                PROVIDE (_Main_Stack_Limit, __Main_Stack_Limit)
                0x00000100                _Minimum_Stack_Size = 0x100
                0x20000168                PROVIDE (_Heap_Begin, _end_noinit)
                0x2000fc00                PROVIDE (_Heap_Limit, (__stack - __Main_Stack_Size))

.isr_vector     0x08000000      0x3f4
 FILL mask 0xff
                0x08000000                __vectors_start = ABSOLUTE (.)
                0x08000000                __vectors_start__ = ABSOLUTE (.)
 *(.isr_vector)
 .isr_vector    0x08000000      0x194 ./system/src/cmsis/vectors_stm32f401xc.o
                0x08000000                __isr_vectors
 *(.cfmconfig)
 *(.after_vectors .after_vectors.*)
 .after_vectors
                0x08000194      0x130 ./system/src/newlib/_startup.o
                0x08000194                _start
 .after_vectors
                0x080002c4      0x12c ./system/src/cortexm/exception_handlers.o
                0x080002c4                Reset_Handler
                0x080002ca                NMI_Handler
                0x080002ce                HardFault_Handler
                0x080002e2                HardFault_Handler_C
                0x08000340                MemManage_Handler
                0x08000344                BusFault_Handler
                0x08000358                BusFault_Handler_C
                0x0800038c                UsageFault_Handler
                0x080003a0                UsageFault_Handler_C
                0x080003d4                SVC_Handler
                0x080003d8                DebugMon_Handler
                0x080003dc                PendSV_Handler
 .after_vectors
                0x080003f0        0x4 ./system/src/cmsis/vectors_stm32f401xc.o
                0x080003f0                RTC_Alarm_IRQHandler
                0x080003f0                EXTI2_IRQHandler
                0x080003f0                SPI4_IRQHandler
                0x080003f0                TIM1_CC_IRQHandler
                0x080003f0                DMA2_Stream5_IRQHandler
                0x080003f0                DMA1_Stream5_IRQHandler
                0x080003f0                PVD_IRQHandler
                0x080003f0                SDIO_IRQHandler
                0x080003f0                TAMP_STAMP_IRQHandler
                0x080003f0                EXTI3_IRQHandler
                0x080003f0                TIM1_UP_TIM10_IRQHandler
                0x080003f0                I2C3_ER_IRQHandler
                0x080003f0                EXTI0_IRQHandler
                0x080003f0                I2C2_EV_IRQHandler
                0x080003f0                DMA1_Stream2_IRQHandler
                0x080003f0                FPU_IRQHandler
                0x080003f0                DMA2_Stream2_IRQHandler
                0x080003f0                SPI1_IRQHandler
                0x080003f0                TIM1_BRK_TIM9_IRQHandler
                0x080003f0                DMA2_Stream3_IRQHandler
                0x080003f0                USART6_IRQHandler
                0x080003f0                DMA2_Stream0_IRQHandler
                0x080003f0                TIM4_IRQHandler
                0x080003f0                I2C1_EV_IRQHandler
                0x080003f0                DMA1_Stream6_IRQHandler
                0x080003f0                DMA1_Stream1_IRQHandler
                0x080003f0                TIM3_IRQHandler
                0x080003f0                RCC_IRQHandler
                0x080003f0                Default_Handler
                0x080003f0                EXTI15_10_IRQHandler
                0x080003f0                ADC_IRQHandler
                0x080003f0                DMA1_Stream7_IRQHandler
                0x080003f0                TIM5_IRQHandler
                0x080003f0                DMA2_Stream7_IRQHandler
                0x080003f0                I2C3_EV_IRQHandler
                0x080003f0                EXTI9_5_IRQHandler
                0x080003f0                RTC_WKUP_IRQHandler
                0x080003f0                SPI2_IRQHandler
                0x080003f0                DMA1_Stream0_IRQHandler
                0x080003f0                EXTI4_IRQHandler
                0x080003f0                WWDG_IRQHandler
                0x080003f0                TIM2_IRQHandler
                0x080003f0                OTG_FS_WKUP_IRQHandler
                0x080003f0                TIM1_TRG_COM_TIM11_IRQHandler
                0x080003f0                EXTI1_IRQHandler
                0x080003f0                USART2_IRQHandler
                0x080003f0                I2C2_ER_IRQHandler
                0x080003f0                DMA2_Stream1_IRQHandler
                0x080003f0                FLASH_IRQHandler
                0x080003f0                DMA2_Stream4_IRQHandler
                0x080003f0                USART1_IRQHandler
                0x080003f0                OTG_FS_IRQHandler
                0x080003f0                SPI3_IRQHandler
                0x080003f0                DMA1_Stream4_IRQHandler
                0x080003f0                I2C1_ER_IRQHandler
                0x080003f0                DMA2_Stream6_IRQHandler
                0x080003f0                DMA1_Stream3_IRQHandler

.inits          0x080003f4       0x28
                0x080003f4                __data_regions_array_start = .
                0x080003f4        0x4 LONG 0x80023b4 LOADADDR (.data)
                0x080003f8        0x4 LONG 0x20000000 ADDR (.data)
                0x080003fc        0x4 LONG 0x200000bc (ADDR (.data) + SIZEOF (.data))
                0x08000400        0x4 LONG 0x80023b4 LOADADDR (.data_CCMRAM)
                0x08000404        0x4 LONG 0x10000000 ADDR (.data_CCMRAM)
                0x08000408        0x4 LONG 0x10000000 (ADDR (.data_CCMRAM) + SIZEOF (.data_CCMRAM))
                0x0800040c                __data_regions_array_end = .
                0x0800040c                __bss_regions_array_start = .
                0x0800040c        0x4 LONG 0x200000c0 ADDR (.bss)
                0x08000410        0x4 LONG 0x20000168 (ADDR (.bss) + SIZEOF (.bss))
                0x08000414        0x4 LONG 0x10000000 ADDR (.bss_CCMRAM)
                0x08000418        0x4 LONG 0x10000000 (ADDR (.bss_CCMRAM) + SIZEOF (.bss_CCMRAM))
                0x0800041c                __bss_regions_array_end = .
 *(.init)
 *(.fini)
                0x0800041c                . = ALIGN (0x4)
                0x0800041c                PROVIDE (__preinit_array_start, .)
 *(.preinit_array_sysinit .preinit_array_sysinit.*)
 *(.preinit_array_platform .preinit_array_platform.*)
 *(.preinit_array .preinit_array.*)
                0x0800041c                PROVIDE (__preinit_array_end, .)
                0x0800041c                . = ALIGN (0x4)
                0x0800041c                PROVIDE (__init_array_start, .)
 *(SORT_BY_NAME(.init_array.*))
 *(.init_array)
                0x0800041c                PROVIDE (__init_array_end, .)
                0x0800041c                . = ALIGN (0x4)
                0x0800041c                PROVIDE (__fini_array_start, .)
 *(SORT_BY_NAME(.fini_array.*))
 *(.fini_array)
                0x0800041c                PROVIDE (__fini_array_end, .)

.flashtext
 *(.flashtext .flashtext.*)

.text           0x08000420     0x1f93
 *(.text .text.*)
 .text._exit    0x08000420        0x2 ./system/src/newlib/_exit.o
                0x08000420                _exit
 *fill*         0x08000422        0x2 
 .text._sbrk    0x08000424       0x44 ./system/src/newlib/_sbrk.o
                0x08000424                _sbrk
 .text.__initialize_args
                0x08000468       0x10 ./system/src/newlib/_syscalls.o
                0x08000468                __initialize_args
 .text.trace_printf
                0x08000478       0x30 ./system/src/diag/Trace.o
                0x08000478                trace_printf
 .text._trace_write_semihosting_debug
                0x080004a8       0x60 ./system/src/diag/trace_impl.o
 .text.trace_write
                0x08000508        0x8 ./system/src/diag/trace_impl.o
                0x08000508                trace_write
 .text.__initialize_hardware_early
                0x08000510       0x18 ./system/src/cortexm/_initialize_hardware.o
                0x08000510                __initialize_hardware_early
 .text.__initialize_hardware
                0x08000528        0x8 ./system/src/cortexm/_initialize_hardware.o
                0x08000528                __initialize_hardware
 .text.dumpExceptionStack
                0x08000530       0xf4 ./system/src/cortexm/exception_handlers.o
                0x08000530                dumpExceptionStack
 .text.isSemihosting
                0x08000624       0x20 ./system/src/cortexm/exception_handlers.o
                0x08000624                isSemihosting
 .text.SystemInit
                0x08000644       0x40 ./system/src/cmsis/system_stm32f4xx.o
                0x08000644                SystemInit
 .text.SystemCoreClockUpdate
                0x08000684       0xa0 ./system/src/cmsis/system_stm32f4xx.o
                0x08000684                SystemCoreClockUpdate
 .text.DET_voidReportError
                0x08000724        0x2 ./src/SERVICES/DET.o
                0x08000724                DET_voidReportError
 *fill*         0x08000726        0x2 
 .text.GPIO_voidSetPinsConfig
                0x08000728      0x450 ./src/MCAL/GPIO_program.o
                0x08000728                GPIO_voidSetPinsConfig
 .text.I2C_u32CRRHanlder
                0x08000b78       0x40 ./src/MCAL/I2C_program.o
 .text.I2C_vidAddressHandler
                0x08000bb8       0xf8 ./src/MCAL/I2C_program.o
 .text.I2C_vidInit
                0x08000cb0      0x2c8 ./src/MCAL/I2C_program.o
                0x08000cb0                I2C_vidInit
 .text.I2C_vidSlaveRX
                0x08000f78      0x1e8 ./src/MCAL/I2C_program.o
                0x08000f78                I2C_vidSlaveRX
 .text.RCC_voidInit
                0x08001160       0x2c ./src/MCAL/RCC_program.o
                0x08001160                RCC_voidInit
 .text.RCC_voidEnablePeripheralClock
                0x0800118c       0x70 ./src/MCAL/RCC_program.o
                0x0800118c                RCC_voidEnablePeripheralClock
 .text.SysTick_Handler
                0x080011fc       0x10 ./src/MCAL/SYSTICK_program.o
                0x080011fc                SysTick_Handler
 .text.UART_vidInit
                0x0800120c       0xc4 ./src/MCAL/UART_program.o
                0x0800120c                UART_vidInit
 .text.UART_vidTransmitChar
                0x080012d0       0x24 ./src/MCAL/UART_program.o
                0x080012d0                UART_vidTransmitChar
 .text.main     0x080012f4       0x5a ./src/main.o
                0x080012f4                main
 *fill*         0x0800134e        0x2 
 .text          0x08001350      0x21c f:/embedded/arm/imt/04-arm tools/03- imt sdk/imt_sdk_win_64/winarm/armgcc/bin/../lib/gcc/arm-none-eabi/7.2.1/thumb/v7e-m\libgcc.a(_arm_addsubsf3.o)
                0x08001350                __aeabi_frsub
                0x08001358                __subsf3
                0x08001358                __aeabi_fsub
                0x0800135c                __aeabi_fadd
                0x0800135c                __addsf3
                0x080014bc                __aeabi_ui2f
                0x080014bc                __floatunsisf
                0x080014c4                __aeabi_i2f
                0x080014c4                __floatsisf
                0x080014e0                __aeabi_ul2f
                0x080014e0                __floatundisf
                0x080014f0                __aeabi_l2f
                0x080014f0                __floatdisf
 .text          0x0800156c      0x2a0 f:/embedded/arm/imt/04-arm tools/03- imt sdk/imt_sdk_win_64/winarm/armgcc/bin/../lib/gcc/arm-none-eabi/7.2.1/thumb/v7e-m\libgcc.a(_arm_muldivsf3.o)
                0x0800156c                __mulsf3
                0x0800156c                __aeabi_fmul
                0x080016d4                __aeabi_fdiv
                0x080016d4                __divsf3
 .text          0x0800180c       0xec f:/embedded/arm/imt/04-arm tools/03- imt sdk/imt_sdk_win_64/winarm/armgcc/bin/../lib/gcc/arm-none-eabi/7.2.1/thumb/v7e-m\libgcc.a(_arm_cmpsf2.o)
                0x0800180c                __gesf2
                0x0800180c                __gtsf2
                0x08001814                __lesf2
                0x08001814                __ltsf2
                0x0800181c                __nesf2
                0x0800181c                __eqsf2
                0x0800181c                __cmpsf2
                0x0800187c                __aeabi_cfrcmple
                0x08001884                __aeabi_cfcmpeq
                0x08001884                __aeabi_cfcmple
                0x08001894                __aeabi_fcmpeq
                0x080018a8                __aeabi_fcmplt
                0x080018bc                __aeabi_fcmple
                0x080018d0                __aeabi_fcmpge
                0x080018e4                __aeabi_fcmpgt
 .text          0x080018f8       0x40 f:/embedded/arm/imt/04-arm tools/03- imt sdk/imt_sdk_win_64/winarm/armgcc/bin/../lib/gcc/arm-none-eabi/7.2.1/thumb/v7e-m\libgcc.a(_arm_fixunssfsi.o)
                0x080018f8                __fixunssfsi
                0x080018f8                __aeabi_f2uiz
 .text.__errno  0x08001938        0xc f:/embedded/arm/imt/04-arm tools/03- imt sdk/imt_sdk_win_64/winarm/armgcc/bin/../lib/gcc/arm-none-eabi/7.2.1/../../../../arm-none-eabi/lib/thumb/v7e-m\libg_nano.a(lib_a-errno.o)
                0x08001938                __errno
 .text._vsnprintf_r
                0x08001944       0x58 f:/embedded/arm/imt/04-arm tools/03- imt sdk/imt_sdk_win_64/winarm/armgcc/bin/../lib/gcc/arm-none-eabi/7.2.1/../../../../arm-none-eabi/lib/thumb/v7e-m\libg_nano.a(lib_a-vsnprintf.o)
                0x08001944                _vsniprintf_r
                0x08001944                _vsnprintf_r
 .text.vsnprintf
                0x0800199c       0x1c f:/embedded/arm/imt/04-arm tools/03- imt sdk/imt_sdk_win_64/winarm/armgcc/bin/../lib/gcc/arm-none-eabi/7.2.1/../../../../arm-none-eabi/lib/thumb/v7e-m\libg_nano.a(lib_a-vsnprintf.o)
                0x0800199c                vsniprintf
                0x0800199c                vsnprintf
 .text.__ssputs_r
                0x080019b8       0xb4 f:/embedded/arm/imt/04-arm tools/03- imt sdk/imt_sdk_win_64/winarm/armgcc/bin/../lib/gcc/arm-none-eabi/7.2.1/../../../../arm-none-eabi/lib/thumb/v7e-m\libg_nano.a(lib_a-nano-svfprintf.o)
                0x080019b8                __ssputs_r
 .text._svfprintf_r
                0x08001a6c      0x1ec f:/embedded/arm/imt/04-arm tools/03- imt sdk/imt_sdk_win_64/winarm/armgcc/bin/../lib/gcc/arm-none-eabi/7.2.1/../../../../arm-none-eabi/lib/thumb/v7e-m\libg_nano.a(lib_a-nano-svfprintf.o)
                0x08001a6c                _svfiprintf_r
                0x08001a6c                _svfprintf_r
 .text._printf_common
                0x08001c58       0xea f:/embedded/arm/imt/04-arm tools/03- imt sdk/imt_sdk_win_64/winarm/armgcc/bin/../lib/gcc/arm-none-eabi/7.2.1/../../../../arm-none-eabi/lib/thumb/v7e-m\libg_nano.a(lib_a-nano-vfprintf_i.o)
                0x08001c58                _printf_common
 *fill*         0x08001d42        0x2 
 .text._printf_i
                0x08001d44      0x224 f:/embedded/arm/imt/04-arm tools/03- imt sdk/imt_sdk_win_64/winarm/armgcc/bin/../lib/gcc/arm-none-eabi/7.2.1/../../../../arm-none-eabi/lib/thumb/v7e-m\libg_nano.a(lib_a-nano-vfprintf_i.o)
                0x08001d44                _printf_i
 *fill*         0x08001f68        0x8 
 .text          0x08001f70       0xa0 f:/embedded/arm/imt/04-arm tools/03- imt sdk/imt_sdk_win_64/winarm/armgcc/bin/../lib/gcc/arm-none-eabi/7.2.1/../../../../arm-none-eabi/lib/thumb/v7e-m\libg_nano.a(lib_a-memchr.o)
                0x08001f70                memchr
 .text.memcpy   0x08002010       0x16 f:/embedded/arm/imt/04-arm tools/03- imt sdk/imt_sdk_win_64/winarm/armgcc/bin/../lib/gcc/arm-none-eabi/7.2.1/../../../../arm-none-eabi/lib/thumb/v7e-m\libg_nano.a(lib_a-memcpy-stub.o)
                0x08002010                memcpy
 .text.memmove  0x08002026       0x32 f:/embedded/arm/imt/04-arm tools/03- imt sdk/imt_sdk_win_64/winarm/armgcc/bin/../lib/gcc/arm-none-eabi/7.2.1/../../../../arm-none-eabi/lib/thumb/v7e-m\libg_nano.a(lib_a-memmove.o)
                0x08002026                memmove
 .text._free_r  0x08002058       0x9c f:/embedded/arm/imt/04-arm tools/03- imt sdk/imt_sdk_win_64/winarm/armgcc/bin/../lib/gcc/arm-none-eabi/7.2.1/../../../../arm-none-eabi/lib/thumb/v7e-m\libg_nano.a(lib_a-nano-freer.o)
                0x08002058                _free_r
 .text._malloc_r
                0x080020f4       0xb4 f:/embedded/arm/imt/04-arm tools/03- imt sdk/imt_sdk_win_64/winarm/armgcc/bin/../lib/gcc/arm-none-eabi/7.2.1/../../../../arm-none-eabi/lib/thumb/v7e-m\libg_nano.a(lib_a-nano-mallocr.o)
                0x080020f4                _malloc_r
 .text._realloc_r
                0x080021a8       0x4c f:/embedded/arm/imt/04-arm tools/03- imt sdk/imt_sdk_win_64/winarm/armgcc/bin/../lib/gcc/arm-none-eabi/7.2.1/../../../../arm-none-eabi/lib/thumb/v7e-m\libg_nano.a(lib_a-nano-reallocr.o)
                0x080021a8                _realloc_r
 .text._sbrk_r  0x080021f4       0x20 f:/embedded/arm/imt/04-arm tools/03- imt sdk/imt_sdk_win_64/winarm/armgcc/bin/../lib/gcc/arm-none-eabi/7.2.1/../../../../arm-none-eabi/lib/thumb/v7e-m\libg_nano.a(lib_a-sbrkr.o)
                0x080021f4                _sbrk_r
 .text.__malloc_lock
                0x08002214        0x2 f:/embedded/arm/imt/04-arm tools/03- imt sdk/imt_sdk_win_64/winarm/armgcc/bin/../lib/gcc/arm-none-eabi/7.2.1/../../../../arm-none-eabi/lib/thumb/v7e-m\libg_nano.a(lib_a-mlock.o)
                0x08002214                __malloc_lock
 .text.__malloc_unlock
                0x08002216        0x2 f:/embedded/arm/imt/04-arm tools/03- imt sdk/imt_sdk_win_64/winarm/armgcc/bin/../lib/gcc/arm-none-eabi/7.2.1/../../../../arm-none-eabi/lib/thumb/v7e-m\libg_nano.a(lib_a-mlock.o)
                0x08002216                __malloc_unlock
 .text._malloc_usable_size_r
                0x08002218       0x10 f:/embedded/arm/imt/04-arm tools/03- imt sdk/imt_sdk_win_64/winarm/armgcc/bin/../lib/gcc/arm-none-eabi/7.2.1/../../../../arm-none-eabi/lib/thumb/v7e-m\libg_nano.a(lib_a-nano-msizer.o)
                0x08002218                _malloc_usable_size_r
 *(.rodata .rodata.* .constdata .constdata.*)
 .rodata.dumpExceptionStack.str1.4
                0x08002228      0x11a ./system/src/cortexm/exception_handlers.o
 *fill*         0x08002342        0x2 
 .rodata.str1.4
                0x08002344       0x2c ./system/src/cortexm/exception_handlers.o
                                 0x2a (size before relaxing)
 .rodata.AHBPrescTable
                0x08002370       0x10 ./system/src/cmsis/system_stm32f4xx.o
                0x08002370                AHBPrescTable
 .rodata._svfprintf_r.str1.1
                0x08002380       0x11 f:/embedded/arm/imt/04-arm tools/03- imt sdk/imt_sdk_win_64/winarm/armgcc/bin/../lib/gcc/arm-none-eabi/7.2.1/../../../../arm-none-eabi/lib/thumb/v7e-m\libg_nano.a(lib_a-nano-svfprintf.o)
 .rodata._printf_i.str1.1
                0x08002391       0x22 f:/embedded/arm/imt/04-arm tools/03- imt sdk/imt_sdk_win_64/winarm/armgcc/bin/../lib/gcc/arm-none-eabi/7.2.1/../../../../arm-none-eabi/lib/thumb/v7e-m\libg_nano.a(lib_a-nano-vfprintf_i.o)
 *(vtable)
 *(.eh_frame*)
 *(.glue_7)
 .glue_7        0x080023b3        0x0 linker stubs
 *(.glue_7t)
 .glue_7t       0x080023b3        0x0 linker stubs

.vfp11_veneer   0x080023b4        0x0
 .vfp11_veneer  0x080023b4        0x0 linker stubs

.v4_bx          0x080023b4        0x0
 .v4_bx         0x080023b4        0x0 linker stubs

.iplt           0x080023b4        0x0
 .iplt          0x080023b4        0x0 ./system/src/newlib/_exit.o

.rel.dyn        0x080023b4        0x0
 .rel.iplt      0x080023b4        0x0 ./system/src/newlib/_exit.o

.ARM.extab
 *(.ARM.extab* .gnu.linkonce.armextab.*)
                0x080023b4                . = ALIGN (0x4)
                0x080023b4                __exidx_start = .

.ARM.exidx
 *(.ARM.exidx* .gnu.linkonce.armexidx.*)
                0x080023b4                __exidx_end = .
                0x080023b4                . = ALIGN (0x4)
                0x080023b4                _etext = .
                0x080023b4                __etext = .

.data_CCMRAM    0x10000000        0x0 load address 0x080023b4
 FILL mask 0xff
 *(.data.CCMRAM .data.CCMRAM.*)
                0x10000000                . = ALIGN (0x4)
                0x080023b4                _sidata = LOADADDR (.data)

.data           0x20000000       0xbc load address 0x080023b4
 FILL mask 0xff
                0x20000000                _sdata = .
                0x20000000                __data_start__ = .
 *(.data_begin .data_begin.*)
 .data_begin    0x20000000        0x4 ./system/src/newlib/_startup.o
 *(.data .data.*)
 .data.argv.4310
                0x20000004        0x8 ./system/src/newlib/_syscalls.o
 .data.SystemCoreClock
                0x2000000c        0x4 ./system/src/cmsis/system_stm32f4xx.o
                0x2000000c                SystemCoreClock
 .data.GLOB_prtStrPins
                0x20000010       0x23 ./src/MCAL/GPIO_config.o
                0x20000010                GLOB_prtStrPins
 *fill*         0x20000033        0x1 ff
 .data.GLOB_ptrStrI2C
                0x20000034       0x20 ./src/MCAL/I2C_config.o
                0x20000034                GLOB_ptrStrI2C
 .data._impure_ptr
                0x20000054        0x4 f:/embedded/arm/imt/04-arm tools/03- imt sdk/imt_sdk_win_64/winarm/armgcc/bin/../lib/gcc/arm-none-eabi/7.2.1/../../../../arm-none-eabi/lib/thumb/v7e-m\libg_nano.a(lib_a-impure.o)
                0x20000054                _impure_ptr
 .data.impure_data
                0x20000058       0x60 f:/embedded/arm/imt/04-arm tools/03- imt sdk/imt_sdk_win_64/winarm/armgcc/bin/../lib/gcc/arm-none-eabi/7.2.1/../../../../arm-none-eabi/lib/thumb/v7e-m\libg_nano.a(lib_a-impure.o)
 *(.data_end .data_end.*)
 .data_end      0x200000b8        0x4 ./system/src/newlib/_startup.o
                0x200000bc                . = ALIGN (0x4)
                0x200000bc                _edata = .
                0x200000bc                __data_end__ = .

.igot.plt       0x200000bc        0x0 load address 0x08002470
 .igot.plt      0x200000bc        0x0 ./system/src/newlib/_exit.o

.bss_CCMRAM     0x10000000        0x0
 *(.bss.CCMRAM .bss.CCMRAM.*)

.bss            0x200000c0       0xa8
                0x200000c0                __bss_start__ = .
                0x200000c0                _sbss = .
 *(.bss_begin .bss_begin.*)
 .bss_begin     0x200000c0        0x4 ./system/src/newlib/_startup.o
 *(.bss .bss.*)
 .bss.current_heap_end.3961
                0x200000c4        0x4 ./system/src/newlib/_sbrk.o
 .bss.name.4309
                0x200000c8        0x1 ./system/src/newlib/_syscalls.o
 *fill*         0x200000c9        0x3 
 .bss.buf.5205  0x200000cc       0x80 ./system/src/diag/Trace.o
 .bss.__malloc_free_list
                0x2000014c        0x4 f:/embedded/arm/imt/04-arm tools/03- imt sdk/imt_sdk_win_64/winarm/armgcc/bin/../lib/gcc/arm-none-eabi/7.2.1/../../../../arm-none-eabi/lib/thumb/v7e-m\libg_nano.a(lib_a-nano-mallocr.o)
                0x2000014c                __malloc_free_list
 .bss.__malloc_sbrk_start
                0x20000150        0x4 f:/embedded/arm/imt/04-arm tools/03- imt sdk/imt_sdk_win_64/winarm/armgcc/bin/../lib/gcc/arm-none-eabi/7.2.1/../../../../arm-none-eabi/lib/thumb/v7e-m\libg_nano.a(lib_a-nano-mallocr.o)
                0x20000150                __malloc_sbrk_start
 *(COMMON)
 COMMON         0x20000154        0x4 ./system/src/newlib/_syscalls.o
                0x20000154                errno
 COMMON         0x20000158        0xc ./src/MCAL/SYSTICK_program.o
                0x20000158                Global_f64SysTickFreq
                0x20000160                Global_ptrToFuncISR
 *(.bss_end .bss_end.*)
 .bss_end       0x20000164        0x4 ./system/src/newlib/_startup.o
                0x20000168                . = ALIGN (0x4)
                0x20000168                __bss_end__ = .
                0x20000168                _ebss = .

.noinit_CCMRAM
 *(.noinit.CCMRAM .noinit.CCMRAM.*)

.noinit         0x20000168        0x0
                0x20000168                _noinit = .
 *(.noinit .noinit.*)
                0x20000168                . = ALIGN (0x4)
                0x20000168                _end_noinit = .
                [!provide]                PROVIDE (end, _end_noinit)
                [!provide]                PROVIDE (_end, _end_noinit)
                [!provide]                PROVIDE (__end, _end_noinit)
                [!provide]                PROVIDE (__end__, _end_noinit)

._check_stack   0x20000168      0x100
                0x20000268                . = (. + _Minimum_Stack_Size)
 *fill*         0x20000168      0x100 

.b1text
 *(.b1text)
 *(.b1rodata)
 *(.b1rodata.*)

.eb0text
 *(.eb0text)
 *(.eb0rodata)
 *(.eb0rodata.*)

.eb1text
 *(.eb1text)
 *(.eb1rodata)
 *(.eb1rodata.*)

.eb2text
 *(.eb2text)
 *(.eb2rodata)
 *(.eb2rodata.*)

.eb3text
 *(.eb3text)
 *(.eb3rodata)
 *(.eb3rodata.*)

.stab
 *(.stab)

.stabstr
 *(.stabstr)

.stab.excl
 *(.stab.excl)

.stab.exclstr
 *(.stab.exclstr)

.stab.index
 *(.stab.index)

.stab.indexstr
 *(.stab.indexstr)

.comment        0x00000000       0x7e
 *(.comment)
 .comment       0x00000000       0x7e ./system/src/newlib/_exit.o
                                 0x7f (size before relaxing)
 .comment       0x0000007e       0x7f ./system/src/newlib/_sbrk.o
 .comment       0x0000007e       0x7f ./system/src/newlib/_startup.o
 .comment       0x0000007e       0x7f ./system/src/newlib/_syscalls.o
 .comment       0x0000007e       0x7f ./system/src/diag/Trace.o
 .comment       0x0000007e       0x7f ./system/src/diag/trace_impl.o
 .comment       0x0000007e       0x7f ./system/src/cortexm/_initialize_hardware.o
 .comment       0x0000007e       0x7f ./system/src/cortexm/exception_handlers.o
 .comment       0x0000007e       0x7f ./system/src/cmsis/system_stm32f4xx.o
 .comment       0x0000007e       0x7f ./system/src/cmsis/vectors_stm32f401xc.o
 .comment       0x0000007e       0x7f ./src/SERVICES/DET.o
 .comment       0x0000007e       0x7f ./src/MCAL/GPIO_config.o
 .comment       0x0000007e       0x7f ./src/MCAL/GPIO_program.o
 .comment       0x0000007e       0x7f ./src/MCAL/I2C_config.o
 .comment       0x0000007e       0x7f ./src/MCAL/I2C_program.o
 .comment       0x0000007e       0x7f ./src/MCAL/RCC_program.o
 .comment       0x0000007e       0x7f ./src/MCAL/SYSTICK_program.o
 .comment       0x0000007e       0x7f ./src/MCAL/UART_program.o
 .comment       0x0000007e       0x7f ./src/main.o

.ARM.attributes
                0x00000000       0x31
 .ARM.attributes
                0x00000000       0x33 ./system/src/newlib/_exit.o
 .ARM.attributes
                0x00000033       0x33 ./system/src/newlib/_sbrk.o
 .ARM.attributes
                0x00000066       0x33 ./system/src/newlib/_startup.o
 .ARM.attributes
                0x00000099       0x33 ./system/src/newlib/_syscalls.o
 .ARM.attributes
                0x000000cc       0x33 ./system/src/diag/Trace.o
 .ARM.attributes
                0x000000ff       0x33 ./system/src/diag/trace_impl.o
 .ARM.attributes
                0x00000132       0x33 ./system/src/cortexm/_initialize_hardware.o
 .ARM.attributes
                0x00000165       0x33 ./system/src/cortexm/exception_handlers.o
 .ARM.attributes
                0x00000198       0x33 ./system/src/cmsis/system_stm32f4xx.o
 .ARM.attributes
                0x000001cb       0x33 ./system/src/cmsis/vectors_stm32f401xc.o
 .ARM.attributes
                0x000001fe       0x33 ./src/SERVICES/DET.o
 .ARM.attributes
                0x00000231       0x33 ./src/MCAL/GPIO_config.o
 .ARM.attributes
                0x00000264       0x33 ./src/MCAL/GPIO_program.o
 .ARM.attributes
                0x00000297       0x33 ./src/MCAL/I2C_config.o
 .ARM.attributes
                0x000002ca       0x33 ./src/MCAL/I2C_program.o
 .ARM.attributes
                0x000002fd       0x33 ./src/MCAL/RCC_program.o
 .ARM.attributes
                0x00000330       0x33 ./src/MCAL/SYSTICK_program.o
 .ARM.attributes
                0x00000363       0x33 ./src/MCAL/UART_program.o
 .ARM.attributes
                0x00000396       0x33 ./src/main.o
 .ARM.attributes
                0x000003c9       0x1e f:/embedded/arm/imt/04-arm tools/03- imt sdk/imt_sdk_win_64/winarm/armgcc/bin/../lib/gcc/arm-none-eabi/7.2.1/thumb/v7e-m\libgcc.a(_arm_addsubsf3.o)
 .ARM.attributes
                0x000003e7       0x1e f:/embedded/arm/imt/04-arm tools/03- imt sdk/imt_sdk_win_64/winarm/armgcc/bin/../lib/gcc/arm-none-eabi/7.2.1/thumb/v7e-m\libgcc.a(_arm_muldivsf3.o)
 .ARM.attributes
                0x00000405       0x1e f:/embedded/arm/imt/04-arm tools/03- imt sdk/imt_sdk_win_64/winarm/armgcc/bin/../lib/gcc/arm-none-eabi/7.2.1/thumb/v7e-m\libgcc.a(_arm_cmpsf2.o)
 .ARM.attributes
                0x00000423       0x1e f:/embedded/arm/imt/04-arm tools/03- imt sdk/imt_sdk_win_64/winarm/armgcc/bin/../lib/gcc/arm-none-eabi/7.2.1/thumb/v7e-m\libgcc.a(_arm_fixunssfsi.o)
 .ARM.attributes
                0x00000441       0x2e f:/embedded/arm/imt/04-arm tools/03- imt sdk/imt_sdk_win_64/winarm/armgcc/bin/../lib/gcc/arm-none-eabi/7.2.1/../../../../arm-none-eabi/lib/thumb/v7e-m\libg_nano.a(lib_a-errno.o)
 .ARM.attributes
                0x0000046f       0x2e f:/embedded/arm/imt/04-arm tools/03- imt sdk/imt_sdk_win_64/winarm/armgcc/bin/../lib/gcc/arm-none-eabi/7.2.1/../../../../arm-none-eabi/lib/thumb/v7e-m\libg_nano.a(lib_a-impure.o)
 .ARM.attributes
                0x0000049d       0x2e f:/embedded/arm/imt/04-arm tools/03- imt sdk/imt_sdk_win_64/winarm/armgcc/bin/../lib/gcc/arm-none-eabi/7.2.1/../../../../arm-none-eabi/lib/thumb/v7e-m\libg_nano.a(lib_a-vsnprintf.o)
 .ARM.attributes
                0x000004cb       0x2e f:/embedded/arm/imt/04-arm tools/03- imt sdk/imt_sdk_win_64/winarm/armgcc/bin/../lib/gcc/arm-none-eabi/7.2.1/../../../../arm-none-eabi/lib/thumb/v7e-m\libg_nano.a(lib_a-nano-svfprintf.o)
 .ARM.attributes
                0x000004f9       0x2e f:/embedded/arm/imt/04-arm tools/03- imt sdk/imt_sdk_win_64/winarm/armgcc/bin/../lib/gcc/arm-none-eabi/7.2.1/../../../../arm-none-eabi/lib/thumb/v7e-m\libg_nano.a(lib_a-nano-vfprintf_i.o)
 .ARM.attributes
                0x00000527       0x1c f:/embedded/arm/imt/04-arm tools/03- imt sdk/imt_sdk_win_64/winarm/armgcc/bin/../lib/gcc/arm-none-eabi/7.2.1/../../../../arm-none-eabi/lib/thumb/v7e-m\libg_nano.a(lib_a-memchr.o)
 .ARM.attributes
                0x00000543       0x2e f:/embedded/arm/imt/04-arm tools/03- imt sdk/imt_sdk_win_64/winarm/armgcc/bin/../lib/gcc/arm-none-eabi/7.2.1/../../../../arm-none-eabi/lib/thumb/v7e-m\libg_nano.a(lib_a-memcpy-stub.o)
 .ARM.attributes
                0x00000571       0x2e f:/embedded/arm/imt/04-arm tools/03- imt sdk/imt_sdk_win_64/winarm/armgcc/bin/../lib/gcc/arm-none-eabi/7.2.1/../../../../arm-none-eabi/lib/thumb/v7e-m\libg_nano.a(lib_a-memmove.o)
 .ARM.attributes
                0x0000059f       0x2e f:/embedded/arm/imt/04-arm tools/03- imt sdk/imt_sdk_win_64/winarm/armgcc/bin/../lib/gcc/arm-none-eabi/7.2.1/../../../../arm-none-eabi/lib/thumb/v7e-m\libg_nano.a(lib_a-nano-freer.o)
 .ARM.attributes
                0x000005cd       0x2e f:/embedded/arm/imt/04-arm tools/03- imt sdk/imt_sdk_win_64/winarm/armgcc/bin/../lib/gcc/arm-none-eabi/7.2.1/../../../../arm-none-eabi/lib/thumb/v7e-m\libg_nano.a(lib_a-nano-mallocr.o)
 .ARM.attributes
                0x000005fb       0x2e f:/embedded/arm/imt/04-arm tools/03- imt sdk/imt_sdk_win_64/winarm/armgcc/bin/../lib/gcc/arm-none-eabi/7.2.1/../../../../arm-none-eabi/lib/thumb/v7e-m\libg_nano.a(lib_a-nano-reallocr.o)
 .ARM.attributes
                0x00000629       0x2e f:/embedded/arm/imt/04-arm tools/03- imt sdk/imt_sdk_win_64/winarm/armgcc/bin/../lib/gcc/arm-none-eabi/7.2.1/../../../../arm-none-eabi/lib/thumb/v7e-m\libg_nano.a(lib_a-sbrkr.o)
 .ARM.attributes
                0x00000657       0x2e f:/embedded/arm/imt/04-arm tools/03- imt sdk/imt_sdk_win_64/winarm/armgcc/bin/../lib/gcc/arm-none-eabi/7.2.1/../../../../arm-none-eabi/lib/thumb/v7e-m\libg_nano.a(lib_a-mlock.o)
 .ARM.attributes
                0x00000685       0x2e f:/embedded/arm/imt/04-arm tools/03- imt sdk/imt_sdk_win_64/winarm/armgcc/bin/../lib/gcc/arm-none-eabi/7.2.1/../../../../arm-none-eabi/lib/thumb/v7e-m\libg_nano.a(lib_a-nano-msizer.o)

.debug
 *(.debug)

.line
 *(.line)

.debug_srcinfo
 *(.debug_srcinfo)

.debug_sfnames
 *(.debug_sfnames)

.debug_aranges  0x00000000      0x410
 *(.debug_aranges)
 .debug_aranges
                0x00000000       0x28 ./system/src/newlib/_exit.o
 .debug_aranges
                0x00000028       0x20 ./system/src/newlib/_sbrk.o
 .debug_aranges
                0x00000048       0x40 ./system/src/newlib/_startup.o
 .debug_aranges
                0x00000088       0x30 ./system/src/newlib/_syscalls.o
 .debug_aranges
                0x000000b8       0x38 ./system/src/diag/Trace.o
 .debug_aranges
                0x000000f0       0x30 ./system/src/diag/trace_impl.o
 .debug_aranges
                0x00000120       0x28 ./system/src/cortexm/_initialize_hardware.o
 .debug_aranges
                0x00000148       0x90 ./system/src/cortexm/exception_handlers.o
 .debug_aranges
                0x000001d8       0x28 ./system/src/cmsis/system_stm32f4xx.o
 .debug_aranges
                0x00000200       0x20 ./system/src/cmsis/vectors_stm32f401xc.o
 .debug_aranges
                0x00000220       0x20 ./src/SERVICES/DET.o
 .debug_aranges
                0x00000240       0x18 ./src/MCAL/GPIO_config.o
 .debug_aranges
                0x00000258       0x58 ./src/MCAL/GPIO_program.o
 .debug_aranges
                0x000002b0       0x18 ./src/MCAL/I2C_config.o
 .debug_aranges
                0x000002c8       0x68 ./src/MCAL/I2C_program.o
 .debug_aranges
                0x00000330       0x30 ./src/MCAL/RCC_program.o
 .debug_aranges
                0x00000360       0x58 ./src/MCAL/SYSTICK_program.o
 .debug_aranges
                0x000003b8       0x38 ./src/MCAL/UART_program.o
 .debug_aranges
                0x000003f0       0x20 ./src/main.o

.debug_pubnames
 *(.debug_pubnames)

.debug_info     0x00000000     0x959a
 *(.debug_info .gnu.linkonce.wi.*)
 .debug_info    0x00000000      0x956 ./system/src/newlib/_exit.o
 .debug_info    0x00000956      0x942 ./system/src/newlib/_sbrk.o
 .debug_info    0x00001298      0x4bf ./system/src/newlib/_startup.o
 .debug_info    0x00001757      0xa19 ./system/src/newlib/_syscalls.o
 .debug_info    0x00002170      0xb2a ./system/src/diag/Trace.o
 .debug_info    0x00002c9a      0xb6b ./system/src/diag/trace_impl.o
 .debug_info    0x00003805      0xade ./system/src/cortexm/_initialize_hardware.o
 .debug_info    0x000042e3     0x115a ./system/src/cortexm/exception_handlers.o
 .debug_info    0x0000543d      0xcfe ./system/src/cmsis/system_stm32f4xx.o
 .debug_info    0x0000613b       0xca ./system/src/cmsis/vectors_stm32f401xc.o
 .debug_info    0x00006205       0xd0 ./src/SERVICES/DET.o
 .debug_info    0x000062d5      0x2cd ./src/MCAL/GPIO_config.o
 .debug_info    0x000065a2      0x629 ./src/MCAL/GPIO_program.o
 .debug_info    0x00006bcb      0x23f ./src/MCAL/I2C_config.o
 .debug_info    0x00006e0a      0xfc4 ./src/MCAL/I2C_program.o
 .debug_info    0x00007dce      0x4f6 ./src/MCAL/RCC_program.o
 .debug_info    0x000082c4      0x3d3 ./src/MCAL/SYSTICK_program.o
 .debug_info    0x00008697      0x595 ./src/MCAL/UART_program.o
 .debug_info    0x00008c2c      0x96e ./src/main.o

.debug_abbrev   0x00000000     0x1fa6
 *(.debug_abbrev)
 .debug_abbrev  0x00000000      0x1f3 ./system/src/newlib/_exit.o
 .debug_abbrev  0x000001f3      0x1fc ./system/src/newlib/_sbrk.o
 .debug_abbrev  0x000003ef      0x1cb ./system/src/newlib/_startup.o
 .debug_abbrev  0x000005ba      0x234 ./system/src/newlib/_syscalls.o
 .debug_abbrev  0x000007ee      0x276 ./system/src/diag/Trace.o
 .debug_abbrev  0x00000a64      0x2ef ./system/src/diag/trace_impl.o
 .debug_abbrev  0x00000d53      0x1de ./system/src/cortexm/_initialize_hardware.o
 .debug_abbrev  0x00000f31      0x32b ./system/src/cortexm/exception_handlers.o
 .debug_abbrev  0x0000125c      0x216 ./system/src/cmsis/system_stm32f4xx.o
 .debug_abbrev  0x00001472       0x9d ./system/src/cmsis/vectors_stm32f401xc.o
 .debug_abbrev  0x0000150f       0x7d ./src/SERVICES/DET.o
 .debug_abbrev  0x0000158c       0xa0 ./src/MCAL/GPIO_config.o
 .debug_abbrev  0x0000162c      0x1c5 ./src/MCAL/GPIO_program.o
 .debug_abbrev  0x000017f1       0xa3 ./src/MCAL/I2C_config.o
 .debug_abbrev  0x00001894      0x222 ./src/MCAL/I2C_program.o
 .debug_abbrev  0x00001ab6      0x114 ./src/MCAL/RCC_program.o
 .debug_abbrev  0x00001bca      0x187 ./src/MCAL/SYSTICK_program.o
 .debug_abbrev  0x00001d51      0x141 ./src/MCAL/UART_program.o
 .debug_abbrev  0x00001e92      0x114 ./src/main.o

.debug_line     0x00000000     0x52c5
 *(.debug_line)
 .debug_line    0x00000000      0x39f ./system/src/newlib/_exit.o
 .debug_line    0x0000039f      0x353 ./system/src/newlib/_sbrk.o
 .debug_line    0x000006f2      0x41b ./system/src/newlib/_startup.o
 .debug_line    0x00000b0d      0x47d ./system/src/newlib/_syscalls.o
 .debug_line    0x00000f8a      0x41b ./system/src/diag/Trace.o
 .debug_line    0x000013a5      0xb0f ./system/src/diag/trace_impl.o
 .debug_line    0x00001eb4      0xa78 ./system/src/cortexm/_initialize_hardware.o
 .debug_line    0x0000292c      0xbc6 ./system/src/cortexm/exception_handlers.o
 .debug_line    0x000034f2      0xa7e ./system/src/cmsis/system_stm32f4xx.o
 .debug_line    0x00003f70      0x116 ./system/src/cmsis/vectors_stm32f401xc.o
 .debug_line    0x00004086       0x80 ./src/SERVICES/DET.o
 .debug_line    0x00004106       0xad ./src/MCAL/GPIO_config.o
 .debug_line    0x000041b3      0x22d ./src/MCAL/GPIO_program.o
 .debug_line    0x000043e0       0xa9 ./src/MCAL/I2C_config.o
 .debug_line    0x00004489      0x868 ./src/MCAL/I2C_program.o
 .debug_line    0x00004cf1      0x115 ./src/MCAL/RCC_program.o
 .debug_line    0x00004e06      0x1ab ./src/MCAL/SYSTICK_program.o
 .debug_line    0x00004fb1      0x111 ./src/MCAL/UART_program.o
 .debug_line    0x000050c2      0x203 ./src/main.o

.debug_frame    0x00000000      0xc20
 *(.debug_frame)
 .debug_frame   0x00000000       0x38 ./system/src/newlib/_exit.o
 .debug_frame   0x00000038       0x28 ./system/src/newlib/_sbrk.o
 .debug_frame   0x00000060       0x7c ./system/src/newlib/_startup.o
 .debug_frame   0x000000dc       0x50 ./system/src/newlib/_syscalls.o
 .debug_frame   0x0000012c       0x94 ./system/src/diag/Trace.o
 .debug_frame   0x000001c0       0x64 ./system/src/diag/trace_impl.o
 .debug_frame   0x00000224       0x40 ./system/src/cortexm/_initialize_hardware.o
 .debug_frame   0x00000264      0x158 ./system/src/cortexm/exception_handlers.o
 .debug_frame   0x000003bc       0x30 ./system/src/cmsis/system_stm32f4xx.o
 .debug_frame   0x000003ec       0x20 ./system/src/cmsis/vectors_stm32f401xc.o
 .debug_frame   0x0000040c       0x20 ./src/SERVICES/DET.o
 .debug_frame   0x0000042c       0xd0 ./src/MCAL/GPIO_program.o
 .debug_frame   0x000004fc      0x158 ./src/MCAL/I2C_program.o
 .debug_frame   0x00000654       0x50 ./src/MCAL/RCC_program.o
 .debug_frame   0x000006a4       0xb0 ./src/MCAL/SYSTICK_program.o
 .debug_frame   0x00000754       0x6c ./src/MCAL/UART_program.o
 .debug_frame   0x000007c0       0x28 ./src/main.o
 .debug_frame   0x000007e8       0x4c f:/embedded/arm/imt/04-arm tools/03- imt sdk/imt_sdk_win_64/winarm/armgcc/bin/../lib/gcc/arm-none-eabi/7.2.1/thumb/v7e-m\libgcc.a(_arm_addsubsf3.o)
 .debug_frame   0x00000834       0x38 f:/embedded/arm/imt/04-arm tools/03- imt sdk/imt_sdk_win_64/winarm/armgcc/bin/../lib/gcc/arm-none-eabi/7.2.1/thumb/v7e-m\libgcc.a(_arm_muldivsf3.o)
 .debug_frame   0x0000086c       0xc8 f:/embedded/arm/imt/04-arm tools/03- imt sdk/imt_sdk_win_64/winarm/armgcc/bin/../lib/gcc/arm-none-eabi/7.2.1/thumb/v7e-m\libgcc.a(_arm_cmpsf2.o)
 .debug_frame   0x00000934       0x24 f:/embedded/arm/imt/04-arm tools/03- imt sdk/imt_sdk_win_64/winarm/armgcc/bin/../lib/gcc/arm-none-eabi/7.2.1/thumb/v7e-m\libgcc.a(_arm_fixunssfsi.o)
 .debug_frame   0x00000958       0x20 f:/embedded/arm/imt/04-arm tools/03- imt sdk/imt_sdk_win_64/winarm/armgcc/bin/../lib/gcc/arm-none-eabi/7.2.1/../../../../arm-none-eabi/lib/thumb/v7e-m\libg_nano.a(lib_a-errno.o)
 .debug_frame   0x00000978       0x4c f:/embedded/arm/imt/04-arm tools/03- imt sdk/imt_sdk_win_64/winarm/armgcc/bin/../lib/gcc/arm-none-eabi/7.2.1/../../../../arm-none-eabi/lib/thumb/v7e-m\libg_nano.a(lib_a-vsnprintf.o)
 .debug_frame   0x000009c4       0x90 f:/embedded/arm/imt/04-arm tools/03- imt sdk/imt_sdk_win_64/winarm/armgcc/bin/../lib/gcc/arm-none-eabi/7.2.1/../../../../arm-none-eabi/lib/thumb/v7e-m\libg_nano.a(lib_a-nano-svfprintf.o)
 .debug_frame   0x00000a54       0x60 f:/embedded/arm/imt/04-arm tools/03- imt sdk/imt_sdk_win_64/winarm/armgcc/bin/../lib/gcc/arm-none-eabi/7.2.1/../../../../arm-none-eabi/lib/thumb/v7e-m\libg_nano.a(lib_a-nano-vfprintf_i.o)
 .debug_frame   0x00000ab4       0x28 f:/embedded/arm/imt/04-arm tools/03- imt sdk/imt_sdk_win_64/winarm/armgcc/bin/../lib/gcc/arm-none-eabi/7.2.1/../../../../arm-none-eabi/lib/thumb/v7e-m\libg_nano.a(lib_a-memcpy-stub.o)
 .debug_frame   0x00000adc       0x28 f:/embedded/arm/imt/04-arm tools/03- imt sdk/imt_sdk_win_64/winarm/armgcc/bin/../lib/gcc/arm-none-eabi/7.2.1/../../../../arm-none-eabi/lib/thumb/v7e-m\libg_nano.a(lib_a-memmove.o)
 .debug_frame   0x00000b04       0x38 f:/embedded/arm/imt/04-arm tools/03- imt sdk/imt_sdk_win_64/winarm/armgcc/bin/../lib/gcc/arm-none-eabi/7.2.1/../../../../arm-none-eabi/lib/thumb/v7e-m\libg_nano.a(lib_a-nano-freer.o)
 .debug_frame   0x00000b3c       0x2c f:/embedded/arm/imt/04-arm tools/03- imt sdk/imt_sdk_win_64/winarm/armgcc/bin/../lib/gcc/arm-none-eabi/7.2.1/../../../../arm-none-eabi/lib/thumb/v7e-m\libg_nano.a(lib_a-nano-mallocr.o)
 .debug_frame   0x00000b68       0x3c f:/embedded/arm/imt/04-arm tools/03- imt sdk/imt_sdk_win_64/winarm/armgcc/bin/../lib/gcc/arm-none-eabi/7.2.1/../../../../arm-none-eabi/lib/thumb/v7e-m\libg_nano.a(lib_a-nano-reallocr.o)
 .debug_frame   0x00000ba4       0x2c f:/embedded/arm/imt/04-arm tools/03- imt sdk/imt_sdk_win_64/winarm/armgcc/bin/../lib/gcc/arm-none-eabi/7.2.1/../../../../arm-none-eabi/lib/thumb/v7e-m\libg_nano.a(lib_a-sbrkr.o)
 .debug_frame   0x00000bd0       0x30 f:/embedded/arm/imt/04-arm tools/03- imt sdk/imt_sdk_win_64/winarm/armgcc/bin/../lib/gcc/arm-none-eabi/7.2.1/../../../../arm-none-eabi/lib/thumb/v7e-m\libg_nano.a(lib_a-mlock.o)
 .debug_frame   0x00000c00       0x20 f:/embedded/arm/imt/04-arm tools/03- imt sdk/imt_sdk_win_64/winarm/armgcc/bin/../lib/gcc/arm-none-eabi/7.2.1/../../../../arm-none-eabi/lib/thumb/v7e-m\libg_nano.a(lib_a-nano-msizer.o)

.debug_str      0x00000000    0x749b8
 *(.debug_str)
 .debug_str     0x00000000     0x7d21 ./system/src/newlib/_exit.o
                               0x7ef4 (size before relaxing)
 .debug_str     0x00007d21      0x4f5 ./system/src/newlib/_sbrk.o
                               0x72a6 (size before relaxing)
 .debug_str     0x00008216      0xc23 ./system/src/newlib/_startup.o
                               0x6a47 (size before relaxing)
 .debug_str     0x00008e39      0xe8b ./system/src/newlib/_syscalls.o
                               0x8181 (size before relaxing)
 .debug_str     0x00009cc4      0x826 ./system/src/diag/Trace.o
                               0x866c (size before relaxing)
 .debug_str     0x0000a4ea    0x67a2e ./system/src/diag/trace_impl.o
                              0x70992 (size before relaxing)
 .debug_str     0x00071f18       0xc4 ./system/src/cortexm/_initialize_hardware.o
                              0x6f724 (size before relaxing)
 .debug_str     0x00071fdc      0x1a6 ./system/src/cortexm/exception_handlers.o
                              0x70b1c (size before relaxing)
 .debug_str     0x00072182      0x164 ./system/src/cmsis/system_stm32f4xx.o
                              0x6f805 (size before relaxing)
 .debug_str     0x000722e6       0x59 ./system/src/cmsis/vectors_stm32f401xc.o
                               0x3884 (size before relaxing)
 .debug_str     0x0007233f       0xcf ./src/SERVICES/DET.o
                               0x2e56 (size before relaxing)
 .debug_str     0x0007240e      0x45f ./src/MCAL/GPIO_config.o
                               0x3275 (size before relaxing)
 .debug_str     0x0007286d      0x1d1 ./src/MCAL/GPIO_program.o
                               0x3431 (size before relaxing)
 .debug_str     0x00072a3e      0x8a3 ./src/MCAL/I2C_config.o
                               0x37d1 (size before relaxing)
 .debug_str     0x000732e1      0x2ec ./src/MCAL/I2C_program.o
                               0x3b2f (size before relaxing)
 .debug_str     0x000735cd      0x577 ./src/MCAL/RCC_program.o
                               0x35ae (size before relaxing)
 .debug_str     0x00073b44      0x29d ./src/MCAL/SYSTICK_program.o
                               0x31e0 (size before relaxing)
 .debug_str     0x00073de1      0x1f6 ./src/MCAL/UART_program.o
                               0x3122 (size before relaxing)
 .debug_str     0x00073fd7      0x9e1 ./src/main.o
                               0x4854 (size before relaxing)

.debug_loc      0x00000000     0x30d4
 *(.debug_loc)
 .debug_loc     0x00000000       0x85 ./system/src/newlib/_sbrk.o
 .debug_loc     0x00000085      0x2cb ./system/src/newlib/_startup.o
 .debug_loc     0x00000350       0x63 ./system/src/newlib/_syscalls.o
 .debug_loc     0x000003b3       0xf6 ./system/src/diag/Trace.o
 .debug_loc     0x000004a9      0x121 ./system/src/diag/trace_impl.o
 .debug_loc     0x000005ca      0x291 ./system/src/cortexm/exception_handlers.o
 .debug_loc     0x0000085b      0x13e ./system/src/cmsis/system_stm32f4xx.o
 .debug_loc     0x00000999      0x737 ./src/MCAL/GPIO_program.o
 .debug_loc     0x000010d0     0x1cc5 ./src/MCAL/I2C_program.o
 .debug_loc     0x00002d95      0x188 ./src/MCAL/RCC_program.o
 .debug_loc     0x00002f1d      0x121 ./src/MCAL/SYSTICK_program.o
 .debug_loc     0x0000303e       0x96 ./src/MCAL/UART_program.o

.debug_macinfo
 *(.debug_macinfo)

.debug_weaknames
 *(.debug_weaknames)

.debug_funcnames
 *(.debug_funcnames)

.debug_typenames
 *(.debug_typenames)

.debug_varnames
 *(.debug_varnames)
OUTPUT(GraduationProject.elf elf32-littlearm)

.debug_ranges   0x00000000      0x360
 .debug_ranges  0x00000000       0x18 ./system/src/newlib/_exit.o
 .debug_ranges  0x00000018       0x10 ./system/src/newlib/_sbrk.o
 .debug_ranges  0x00000028       0x90 ./system/src/newlib/_startup.o
 .debug_ranges  0x000000b8       0x20 ./system/src/newlib/_syscalls.o
 .debug_ranges  0x000000d8       0x28 ./system/src/diag/Trace.o
 .debug_ranges  0x00000100       0x50 ./system/src/diag/trace_impl.o
 .debug_ranges  0x00000150       0x18 ./system/src/cortexm/_initialize_hardware.o
 .debug_ranges  0x00000168       0x80 ./system/src/cortexm/exception_handlers.o
 .debug_ranges  0x000001e8       0x18 ./system/src/cmsis/system_stm32f4xx.o
 .debug_ranges  0x00000200       0x10 ./system/src/cmsis/vectors_stm32f401xc.o
 .debug_ranges  0x00000210       0x10 ./src/SERVICES/DET.o
 .debug_ranges  0x00000220       0x48 ./src/MCAL/GPIO_program.o
 .debug_ranges  0x00000268       0x58 ./src/MCAL/I2C_program.o
 .debug_ranges  0x000002c0       0x20 ./src/MCAL/RCC_program.o
 .debug_ranges  0x000002e0       0x48 ./src/MCAL/SYSTICK_program.o
 .debug_ranges  0x00000328       0x28 ./src/MCAL/UART_program.o
 .debug_ranges  0x00000350       0x10 ./src/main.o

.debug_macro    0x00000000     0x385c
 .debug_macro   0x00000000      0x1b4 ./system/src/newlib/_exit.o
 .debug_macro   0x000001b4      0x10e ./system/src/newlib/_exit.o
 .debug_macro   0x000002c2       0x8d ./system/src/newlib/_exit.o
 .debug_macro   0x0000034f       0x35 ./system/src/newlib/_exit.o
 .debug_macro   0x00000384      0x169 ./system/src/newlib/_sbrk.o
 .debug_macro   0x000004ed      0x174 ./system/src/newlib/_sbrk.o
 .debug_macro   0x00000661       0x10 ./system/src/newlib/_sbrk.o
 .debug_macro   0x00000671      0x23b ./system/src/newlib/_sbrk.o
 .debug_macro   0x000008ac      0x173 ./system/src/newlib/_startup.o
 .debug_macro   0x00000a1f      0xa72 ./system/src/newlib/_startup.o
 .debug_macro   0x00001491      0x217 ./system/src/newlib/_syscalls.o
 .debug_macro   0x000016a8       0x1c ./system/src/newlib/_syscalls.o
 .debug_macro   0x000016c4       0x10 ./system/src/newlib/_syscalls.o
 .debug_macro   0x000016d4       0x10 ./system/src/newlib/_syscalls.o
 .debug_macro   0x000016e4       0x10 ./system/src/newlib/_syscalls.o
 .debug_macro   0x000016f4       0x35 ./system/src/newlib/_syscalls.o
 .debug_macro   0x00001729      0x122 ./system/src/newlib/_syscalls.o
 .debug_macro   0x0000184b       0x88 ./system/src/newlib/_syscalls.o
 .debug_macro   0x000018d3       0x2b ./system/src/newlib/_syscalls.o
 .debug_macro   0x000018fe      0x118 ./system/src/newlib/_syscalls.o
 .debug_macro   0x00001a16      0x189 ./system/src/newlib/_syscalls.o
 .debug_macro   0x00001b9f       0x16 ./system/src/newlib/_syscalls.o
 .debug_macro   0x00001bb5      0x1fb ./system/src/diag/Trace.o
 .debug_macro   0x00001db0       0x4c ./system/src/diag/Trace.o
 .debug_macro   0x00001dfc       0x16 ./system/src/diag/Trace.o
 .debug_macro   0x00001e12      0x52a ./system/src/diag/trace_impl.o
 .debug_macro   0x0000233c       0x22 ./system/src/diag/trace_impl.o
 .debug_macro   0x0000235e      0x4ee ./system/src/cortexm/_initialize_hardware.o
 .debug_macro   0x0000284c      0x557 ./system/src/cortexm/exception_handlers.o
 .debug_macro   0x00002da3       0x3b ./system/src/cortexm/exception_handlers.o
 .debug_macro   0x00002dde      0x4ea ./system/src/cmsis/system_stm32f4xx.o
 .debug_macro   0x000032c8       0x34 ./system/src/cmsis/vectors_stm32f401xc.o
 .debug_macro   0x000032fc       0x24 ./src/SERVICES/DET.o
 .debug_macro   0x00003320       0x16 ./src/SERVICES/DET.o
 .debug_macro   0x00003336       0x56 ./src/MCAL/GPIO_config.o
 .debug_macro   0x0000338c       0x10 ./src/MCAL/GPIO_config.o
 .debug_macro   0x0000339c       0x28 ./src/MCAL/GPIO_config.o
 .debug_macro   0x000033c4       0x16 ./src/MCAL/GPIO_config.o
 .debug_macro   0x000033da       0x56 ./src/MCAL/GPIO_program.o
 .debug_macro   0x00003430       0x4f ./src/MCAL/I2C_config.o
 .debug_macro   0x0000347f       0x16 ./src/MCAL/I2C_config.o
 .debug_macro   0x00003495       0xd6 ./src/MCAL/I2C_config.o
 .debug_macro   0x0000356b       0x4f ./src/MCAL/I2C_program.o
 .debug_macro   0x000035ba       0x53 ./src/MCAL/RCC_program.o
 .debug_macro   0x0000360d       0x28 ./src/MCAL/RCC_program.o
 .debug_macro   0x00003635       0x22 ./src/MCAL/RCC_program.o
 .debug_macro   0x00003657       0x49 ./src/MCAL/SYSTICK_program.o
 .debug_macro   0x000036a0       0x16 ./src/MCAL/SYSTICK_program.o
 .debug_macro   0x000036b6       0x10 ./src/MCAL/SYSTICK_program.o
 .debug_macro   0x000036c6       0x4a ./src/MCAL/UART_program.o
 .debug_macro   0x00003710       0x10 ./src/MCAL/UART_program.o
 .debug_macro   0x00003720      0x13c ./src/main.o
